...............................................................          [100%]
63 passed in 0.48s
